[Mon Aug 24 00:57:47 2026][DEBUG]: Got cmd: REACTOR_ENABLE
[Mon Aug 24 00:57:47 2026][WARN]: Arming fission reactor...
[Mon Aug 24 00:58:38 2026][DEBUG]: Got cmd: REACTOR_ENABLE
[Mon Aug 24 00:58:38 2026][INFO]: Arming fission reactor...
[Mon Aug 24 00:58:59 2026][DEBUG]: Got cmd: REACTOR_ENABLE
[Mon Aug 24 00:58:59 2026][INFO]: Arming fission reactor...
[Mon Aug 24 01:02:11 2026][DEBUG]: Got cmd: REACTOR_ENABLE
[Mon Aug 24 01:02:12 2026][CRITICAL]: Failed to change state according to command REACTOR_ENABLE but reactor is in state: ACTIVE
[Mon Aug 24 01:02:28 2026][DEBUG]: Got cmd: REACTOR_DISABLE
[Mon Aug 24 01:02:28 2026][INFO]: Disarming fission reactor...
[Mon Aug 24 01:02:28 2026][WARN]: Fission reactor is disarmed!
[Mon Aug 24 01:02:41 2026][DEBUG]: Got cmd: REACTOR_ENABLE
[Mon Aug 24 01:02:41 2026][INFO]: Arming fission reactor...
[Mon Aug 24 01:02:42 2026][WARN]: Fission reactor is armed!
[Mon Aug 24 01:02:53 2026][DEBUG]: Got cmd: REACTOR_DISABLE
[Mon Aug 24 01:02:53 2026][INFO]: Disarming fission reactor...
[Mon Aug 24 01:02:54 2026][WARN]: Fission reactor is disarmed!
[Mon Aug 24 01:03:24 2026][DEBUG]: Got cmd: REACTOR_ENABLE
[Mon Aug 24 01:03:24 2026][INFO]: Arming fission reactor...
[Mon Aug 24 01:03:25 2026][WARN]: Fission reactor is armed!
[Mon Aug 24 01:03:42 2026][DEBUG]: Got cmd: REACTOR_DISABLE
[Mon Aug 24 01:03:42 2026][INFO]: Disarming fission reactor...
[Mon Aug 24 01:03:42 2026][WARN]: Fission reactor is disarmed!
[Mon Aug 24 01:03:55 2026][DEBUG]: Got cmd: REACTOR_ENABLE
[Mon Aug 24 01:03:55 2026][INFO]: Arming fission reactor...
[Mon Aug 24 01:03:55 2026][WARN]: Fission reactor is armed!
[Mon Aug 24 01:04:16 2026][DEBUG]: Got cmd: REACTOR_ENABLE
[Mon Aug 24 01:04:16 2026][CRITICAL]: Failed to change state according to command REACTOR_ENABLE but reactor is in state: ACTIVE
[Mon Aug 24 01:04:21 2026][DEBUG]: Got cmd: REACTOR_DISABLE
[Mon Aug 24 01:04:21 2026][INFO]: Disarming fission reactor...
[Mon Aug 24 01:04:21 2026][WARN]: Fission reactor is disarmed!
[Mon Aug 24 01:04:27 2026][DEBUG]: Got cmd: REACTOR_ENABLE
[Mon Aug 24 01:04:27 2026][INFO]: Arming fission reactor...
[Mon Aug 24 01:04:27 2026][WARN]: Fission reactor is armed!
[Mon Aug 24 01:04:46 2026][DEBUG]: Got cmd: REACTOR_DISABLE
[Mon Aug 24 01:04:46 2026][INFO]: Disarming fission reactor...
[Mon Aug 24 01:04:46 2026][WARN]: Fission reactor is disarmed!
[Mon Aug 24 01:04:52 2026][DEBUG]: Got cmd: REACTOR_ENABLE
[Mon Aug 24 01:04:52 2026][INFO]: Arming fission reactor...
[Mon Aug 24 01:04:53 2026][WARN]: Fission reactor is armed!
[Mon Aug 24 01:04:55 2026][DEBUG]: Got cmd: REACTOR_DISABLE
[Mon Aug 24 01:04:55 2026][INFO]: Disarming fission reactor...
[Mon Aug 24 01:04:56 2026][WARN]: Fission reactor is disarmed!
